[fig] results/figures/exp5_allocation.pdf|png
                            mean_nmse_db_mean  mean_nmse_db_std  worst_nmse_db_mean  utilization_mean  dropped_mean  decision_ms_mean  pred_abs_err_db_mean
capacity_frac policy                                                                                                                                       
0.005         greedy-max                -6.67              0.07                0.00              0.99           1.0             26.78                  0.41
              greedy-sum                -6.71              0.06                0.00              0.99           1.0             26.78                  0.33
              oracle                    -6.71              0.06                0.00              0.99           1.0              0.40                  0.00
              uniform-BFP                0.00              0.00                0.00              0.00           8.0              0.03                  0.00
              uniform-CSEE              -6.60              0.06                0.00              0.93           1.0              0.06                  0.42
0.020         greedy-max                -9.18              0.17               -4.62              0.99           0.0             26.83                  0.27
              greedy-sum                -9.87              0.26               -4.62              0.99           0.0             26.87                  0.01
              oracle                    -9.87              0.26               -4.62              0.99           0.0              0.49                  0.00
              uniform-BFP               -0.33              0.01                0.00              0.85           7.0              0.04                  1.12
              uniform-CSEE              -9.39              0.12               -3.22              0.98           0.0              0.06                  0.01
0.050         greedy-max               -11.46              1.04               -6.08              1.00           0.0             26.87                  0.16
              greedy-sum               -12.33              0.32               -5.76              1.00           0.0             26.98                  0.06
              oracle                   -12.33              0.32               -5.76              1.00           0.0              0.60                  0.00
              uniform-BFP               -0.66              0.01                0.00              0.68           6.0              0.04                  1.18
              uniform-CSEE              -9.72              0.12               -3.51              0.78           0.0              0.06                  0.02
0.100         greedy-max               -15.81              0.23              -13.54              1.00           0.0             26.97                  0.10
              greedy-sum               -16.16              0.30              -11.33              0.99           0.0             27.06                  0.07
              oracle                   -16.16              0.30              -12.12              1.00           0.0              0.68                  0.00
              uniform-BFP               -1.69              0.02                0.00              0.85           3.0              0.04                  1.23
              uniform-CSEE             -10.65              0.12               -4.44              0.98           0.0              0.07                  0.02
0.200         greedy-max               -21.46              0.38              -19.22              1.00           0.0             27.14                  0.04
              greedy-sum               -21.79              0.35              -17.66              0.99           0.0             27.21                  0.04
              oracle                   -21.79              0.35              -17.66              0.99           0.0              0.81                  0.00
              uniform-BFP              -12.43              0.04              -10.50              0.99           0.0              0.03                  0.36
              uniform-CSEE             -12.58              0.12               -6.41              0.98           0.0              0.07                  0.03
0.500         greedy-max               -37.51              0.20              -33.24              1.00           0.0             27.59                  0.10
              greedy-sum               -37.51              0.20              -33.24              1.00           0.0             27.60                  0.10
              oracle                   -37.51              0.20              -33.24              1.00           0.0              1.10                  0.00
              uniform-BFP              -33.00              0.04              -30.59              0.77           0.0              0.04                  0.01
              uniform-CSEE             -26.47              0.25              -25.49              0.78           0.0              0.12                  0.11
