[runner] 60 runs in 58s
                               weighted_violation_ratio_mean  weighted_violation_ratio_std  violation_ratio_ll_mean  violation_ratio_ll_std  violation_ratio_embb_mean  violation_ratio_embb_std  fh_utilisation_mean  fh_utilisation_std
interval_slots method                                                                                                                                                                                                                    
4              oracle                               0.058951                      0.011381                 0.000000                0.000000                   0.116902                  0.020978             0.709927            0.009318
               point_forecast                       0.055787                      0.010324                 0.001916                0.000773                   0.108746                  0.018194             0.714078            0.010064
               proposed                             0.025543                      0.006626                 0.000583                0.000329                   0.050116                  0.012653             0.748063            0.014484
               queue_aware                          0.067218                      0.011531                 0.002605                0.000308                   0.130780                  0.020902             0.701297            0.009218
               reactive_prop                        0.034768                      0.007350                 0.040675                0.009086                   0.028867                  0.005866             0.751710            0.016260
10             oracle                               0.050187                      0.010217                 0.000036                0.000012                   0.099578                  0.019753             0.719823            0.012199
               point_forecast                       0.065869                      0.010138                 0.022141                0.001169                   0.108892                  0.018176             0.709711            0.011035
               proposed                             0.043595                      0.009341                 0.009531                0.001201                   0.077163                  0.017332             0.730765            0.013502
               queue_aware                          0.090951                      0.009550                 0.047790                0.001218                   0.133423                  0.018800             0.690328            0.010653
               reactive_prop                        0.068971                      0.006688                 0.113033                0.008171                   0.025515                  0.005225             0.738375            0.016482
20             oracle                               0.057770                      0.009538                 0.000086                0.000099                   0.114590                  0.017929             0.711286            0.011686
               point_forecast                       0.084413                      0.010368                 0.028366                0.001408                   0.139541                  0.018028             0.691449            0.009703
               proposed                             0.067668                      0.009984                 0.029440                0.002082                   0.105280                  0.017568             0.710593            0.012350
               queue_aware                          0.096324                      0.009876                 0.046952                0.000591                   0.144897                  0.017953             0.684320            0.010115
               reactive_prop                        0.082673                      0.006891                 0.137697                0.007712                   0.028389                  0.005665             0.731568            0.016724
40             oracle                               0.097590                      0.009984                 0.000306                0.000268                   0.193425                  0.016084             0.666553            0.008815
               point_forecast                       0.130271                      0.008716                 0.018524                0.001303                   0.240375                  0.014041             0.636778            0.008518
               proposed                             0.121935                      0.007766                 0.029932                0.000712                   0.212647                  0.011814             0.650648            0.011391
               queue_aware                          0.147600                      0.008279                 0.033582                0.001930                   0.260063                  0.012014             0.622983            0.009375
               reactive_prop                        0.108581                      0.004483                 0.150617                0.005684                   0.067144                  0.003964             0.707260            0.016083
